[    0.000000] Linux version 4.15.0-180-generic (buildd@lcy02-amd64-097) (gcc version 7.5.0 (Ubuntu 7.5.0-3ubuntu1~18.04)) #189-Ubuntu SMP Wed May 18 14:13:57 UTC 2022 (Ubuntu 4.15.0-180.189-generic 4.15.18)
[    0.000000] Command line: BOOT_IMAGE=/boot/vmlinuz-4.15.0-180-generic root=LABEL=cloudimg-rootfs ro console=tty1 console=ttyS0
[    0.000000] KERNEL supported cpus:
[    0.000000]   Intel GenuineIntel
[    0.000000]   AMD AuthenticAMD
[    0.000000]   Centaur CentaurHauls
[    0.000000] x86/fpu: Supporting XSAVE feature 0x001: 'x87 floating point registers'
[    0.000000] x86/fpu: Supporting XSAVE feature 0x002: 'SSE registers'
[    0.000000] x86/fpu: Supporting XSAVE feature 0x004: 'AVX registers'
[    0.000000] x86/fpu: xstate_offset[2]:  576, xstate_sizes[2]:  256
[    0.000000] x86/fpu: Enabled xstate features 0x7, context size is 832 bytes, using 'standard' format.
[    0.000000] e820: BIOS-provided physical RAM map:
[    0.000000] BIOS-e820: [mem 0x0000000000000000-0x000000000009fbff] usable
[    0.000000] BIOS-e820: [mem 0x000000000009fc00-0x000000000009ffff] reserved
[    0.000000] BIOS-e820: [mem 0x00000000000f0000-0x00000000000fffff] reserved
[    0.000000] BIOS-e820: [mem 0x0000000000100000-0x000000001ffeffff] usable
[    0.000000] BIOS-e820: [mem 0x000000001fff0000-0x000000001fffffff] ACPI data
[    0.000000] BIOS-e820: [mem 0x00000000fec00000-0x00000000fec00fff] reserved
[    0.000000] BIOS-e820: [mem 0x00000000fee00000-0x00000000fee00fff] reserved
[    0.000000] BIOS-e820: [mem 0x00000000fffc0000-0x00000000ffffffff] reserved
[    0.000000] NX (Execute Disable) protection: active
[    0.000000] SMBIOS 2.5 present.
[    0.000000] DMI: innotek GmbH VirtualBox/VirtualBox, BIOS VirtualBox 12/01/2006
[    0.000000] Hypervisor detected: KVM
[    0.000000] e820: last_pfn = 0x1fff0 max_arch_pfn = 0x400000000
[    0.000000] MTRR: Disabled
[    0.000000] x86/PAT: MTRRs disabled, skipping PAT initialization too.
[    0.000000] CPU MTRRs all blank - virtualized system.
[    0.000000] x86/PAT: Configuration [0-7]: WB  WT  UC- UC  WB  WT  UC- UC  
[    0.000000] found SMP MP-table at [mem 0x0009fff0-0x0009ffff]
[    0.000000] Scanning 1 areas for low memory corruption
[    0.000000] RAMDISK: [mem 0x1db16000-0x1ee2afff]
[    0.000000] ACPI: Early table checksum verification disabled
[    0.000000] ACPI: RSDP 0x00000000000E0000 000024 (v02 VBOX  )
[    0.000000] ACPI: XSDT 0x000000001FFF0030 00003C (v01 VBOX   VBOXXSDT 00000001 ASL  00000061)
[    0.000000] ACPI: FACP 0x000000001FFF00F0 0000F4 (v04 VBOX   VBOXFACP 00000001 ASL  00000061)
[    0.000000] ACPI: DSDT 0x000000001FFF0470 002325 (v02 VBOX   VBOXBIOS 00000002 INTL 20120111)
[    0.000000] ACPI: FACS 0x000000001FFF0200 000040
[    0.000000] ACPI: FACS 0x000000001FFF0200 000040
[    0.000000] ACPI: APIC 0x000000001FFF0240 000054 (v02 VBOX   VBOXAPIC 00000001 ASL  00000061)
[    0.000000] ACPI: SSDT 0x000000001FFF02A0 0001CC (v01 VBOX   VBOXCPUT 00000002 INTL 20120111)
[    0.000000] ACPI: Reserving FACP table memory at [mem 0x1fff00f0-0x1fff01e3]
[    0.000000] ACPI: Reserving DSDT table memory at [mem 0x1fff0470-0x1fff2794]
[    0.000000] ACPI: Reserving FACS table memory at [mem 0x1fff0200-0x1fff023f]
[    0.000000] ACPI: Reserving FACS table memory at [mem 0x1fff0200-0x1fff023f]
[    0.000000] ACPI: Reserving APIC table memory at [mem 0x1fff0240-0x1fff0293]
[    0.000000] ACPI: Reserving SSDT table memory at [mem 0x1fff02a0-0x1fff046b]
[    0.000000] No NUMA configuration found
[    0.000000] Faking a node at [mem 0x0000000000000000-0x000000001ffeffff]
[    0.000000] NODE_DATA(0) allocated [mem 0x1ffc5000-0x1ffeffff]
[    0.000000] kvm-clock: cpu 0, msr 0:1ff44001, primary cpu clock
[    0.000000] kvm-clock: Using msrs 4b564d01 and 4b564d00
[    0.000000] kvm-clock: using sched offset of 4236714441 cycles
[    0.000000] clocksource: kvm-clock: mask: 0xffffffffffffffff max_cycles: 0x1cd42e4dffb, max_idle_ns: 881590591483 ns
[    0.000000] Zone ranges:
[    0.000000]   DMA      [mem 0x0000000000001000-0x0000000000ffffff]
[    0.000000]   DMA32    [mem 0x0000000001000000-0x000000001ffeffff]
[    0.000000]   Normal   empty
[    0.000000]   Device   empty
[    0.000000] Movable zone start for each node
[    0.000000] Early memory node ranges
[    0.000000]   node   0: [mem 0x0000000000001000-0x000000000009efff]
[    0.000000]   node   0: [mem 0x0000000000100000-0x000000001ffeffff]
[    0.000000] Reserved but unavailable: 104 pages
[    0.000000] Initmem setup node 0 [mem 0x0000000000001000-0x000000001ffeffff]
[    0.000000] ACPI: PM-Timer IO Port: 0x4008
[    0.000000] IOAPIC[0]: apic_id 1, version 32, address 0xfec00000, GSI 0-23
[    0.000000] ACPI: INT_SRC_OVR (bus 0 bus_irq 0 global_irq 2 dfl dfl)
[    0.000000] ACPI: INT_SRC_OVR (bus 0 bus_irq 9 global_irq 9 low level)
[    0.000000] Using ACPI (MADT) for SMP configuration information
[    0.000000] smpboot: Allowing 1 CPUs, 0 hotplug CPUs
[    0.000000] PM: Registered nosave memory: [mem 0x00000000-0x00000fff]
[    0.000000] PM: Registered nosave memory: [mem 0x0009f000-0x0009ffff]
[    0.000000] PM: Registered nosave memory: [mem 0x000a0000-0x000effff]
[    0.000000] PM: Registered nosave memory: [mem 0x000f0000-0x000fffff]
[    0.000000] e820: [mem 0x20000000-0xfebfffff] available for PCI devices
[    0.000000] Booting paravirtualized kernel on KVM
[    0.000000] clocksource: refined-jiffies: mask: 0xffffffff max_cycles: 0xffffffff, max_idle_ns: 7645519600211568 ns
[    0.000000] random: get_random_bytes called from start_kernel+0x99/0x500 with crng_init=0
[    0.000000] setup_percpu: NR_CPUS:8192 nr_cpumask_bits:1 nr_cpu_ids:1 nr_node_ids:1
[    0.000000] percpu: Embedded 50 pages/cpu s167936 r8192 d28672 u2097152
[    0.000000] PV qspinlock hash table entries: 256 (order: 0, 4096 bytes)
[    0.000000] Built 1 zonelists, mobility grouping on.  Total pages: 128889
[    0.000000] Policy zone: DMA32
[    0.000000] Kernel command line: BOOT_IMAGE=/boot/vmlinuz-4.15.0-180-generic root=LABEL=cloudimg-rootfs ro console=tty1 console=ttyS0
[    0.000000] Memory: 466740K/523832K available (12300K kernel code, 2484K rwdata, 4324K rodata, 2468K init, 2724K bss, 57092K reserved, 0K cma-reserved)
[    0.000000] SLUB: HWalign=64, Order=0-3, MinObjects=0, CPUs=1, Nodes=1
[    0.000000] Kernel/User page tables isolation: enabled
[    0.000000] ftrace: allocating 39507 entries in 155 pages
[    0.004000] Hierarchical RCU implementation.
[    0.004000] 	RCU restricting CPUs from NR_CPUS=8192 to nr_cpu_ids=1.
[    0.004000] 	Tasks RCU enabled.
[    0.004000] RCU: Adjusting geometry for rcu_fanout_leaf=16, nr_cpu_ids=1
[    0.004000] NR_IRQS: 524544, nr_irqs: 256, preallocated irqs: 16
[    0.004000] Console: colour VGA+ 80x25
[    0.004000] console [tty1] enabled
[    0.004000] console [ttyS0] enabled
[    0.004000] ACPI: Core revision 20170831
[    0.004000] ACPI: 2 ACPI AML tables successfully acquired and loaded
[    0.004000] APIC: Switch to symmetric I/O mode setup
[    0.004000] x2apic enabled
[    0.004000] Switched APIC routing to physical x2apic.
[    0.004000] ..TIMER: vector=0x30 apic1=0 pin1=2 apic2=-1 pin2=-1
[    0.004004] tsc: Detected 3092.840 MHz processor
[    0.004854] Calibrating delay loop (skipped) preset value.. 6185.68 BogoMIPS (lpj=12371360)
[    0.005667] pid_max: default: 32768 minimum: 301
[    0.008025] Security Framework initialized
[    0.008949] Yama: becoming mindful.
[    0.009922] AppArmor: AppArmor initialized
[    0.010875] Dentry cache hash table entries: 65536 (order: 7, 524288 bytes)
[    0.012033] Inode-cache hash table entries: 32768 (order: 6, 262144 bytes)
[    0.013426] Mount-cache hash table entries: 1024 (order: 1, 8192 bytes)
[    0.014863] Mountpoint-cache hash table entries: 1024 (order: 1, 8192 bytes)
[    0.016219] process: using mwait in idle threads
[    0.017196] Last level iTLB entries: 4KB 1024, 2MB 1024, 4MB 1024
[    0.018353] Last level dTLB entries: 4KB 1024, 2MB 1024, 4MB 1024, 1GB 4
[    0.020003] Spectre V1 : Mitigation: usercopy/swapgs barriers and __user pointer sanitization
[    0.021797] Spectre V2 : Mitigation: Retpolines
[    0.022703] Spectre V2 : Spectre v2 / SpectreRSB mitigation: Filling RSB on context switch
[    0.024002] Speculative Store Bypass: Vulnerable
[    0.024963] SRBDS: Unknown: Dependent on hypervisor status
[    0.026195] MDS: Mitigation: Clear CPU buffers
[    0.043236] Freeing SMP alternatives memory: 36K
[    0.154063] smpboot: CPU0: Intel(R) Core(TM) i7-4770S CPU @ 3.10GHz (family: 0x6, model: 0x3c, stepping: 0x3)
[    0.156000] Performance Events: unsupported p6 CPU model 60 no PMU driver, software events only.
[    0.156059] Hierarchical SRCU implementation.
[    0.158093] NMI watchdog: Perf event create on CPU 0 failed with -2
[    0.160002] NMI watchdog: Perf NMI watchdog permanently disabled
[    0.161499] smp: Bringing up secondary CPUs ...
[    0.162648] smp: Brought up 1 node, 1 CPU
[    0.164003] smpboot: Max logical packages: 1
[    0.165177] smpboot: Total of 1 processors activated (6185.68 BogoMIPS)
[    0.166900] devtmpfs: initialized
[    0.168074] x86/mm: Memory block size: 128MB
[    0.169372] evm: security.selinux
[    0.170345] evm: security.SMACK64
[    0.171499] evm: security.SMACK64EXEC
[    0.172004] evm: security.SMACK64TRANSMUTE
[    0.173116] evm: security.SMACK64MMAP
[    0.174393] evm: security.apparmor
[    0.176003] evm: security.ima
[    0.176721] evm: security.capability
[    0.177774] clocksource: jiffies: mask: 0xffffffff max_cycles: 0xffffffff, max_idle_ns: 7645041785100000 ns
[    0.180033] futex hash table entries: 256 (order: 2, 16384 bytes)
[    0.181447] pinctrl core: initialized pinctrl subsystem
[    0.184134] RTC time:  1:13:38, date: 01/15/23
[    0.185414] NET: Registered protocol family 16
[    0.186711] audit: initializing netlink subsys (disabled)
[    0.188162] cpuidle: using governor ladder
[    0.189468] cpuidle: using governor menu
[    0.190541] ACPI: bus type PCI registered
[    0.192003] acpiphp: ACPI Hot Plug PCI Controller Driver version: 0.5
[    0.193463] audit: type=2000 audit(1673745224.584:1): state=initialized audit_enabled=0 res=1
[    0.196150] PCI: Using configuration type 1 for base access
[    0.198534] HugeTLB registered 2.00 MiB page size, pre-allocated 0 pages
[    0.200031] ACPI: Added _OSI(Module Device)
[    0.200978] ACPI: Added _OSI(Processor Device)
[    0.201822] ACPI: Added _OSI(3.0 _SCP Extensions)
[    0.202690] ACPI: Added _OSI(Processor Aggregator Device)
[    0.203775] ACPI: Added _OSI(Linux-Dell-Video)
[    0.204009] ACPI: Added _OSI(Linux-Lenovo-NV-HDMI-Audio)
[    0.205037] ACPI: Added _OSI(Linux-HPI-Hybrid-Graphics)
[    0.208013] ACPI: Executed 1 blocks of module-level executable AML code
[    0.212317] ACPI: Interpreter enabled
[    0.213110] ACPI: (supports S0 S5)
[    0.213871] ACPI: Using IOAPIC for interrupt routing
[    0.215012] PCI: Using host bridge windows from ACPI; if necessary, use "pci=nocrs" and report a bug
[    0.216173] ACPI: Enabled 2 GPEs in block 00 to 07
[    0.223889] ACPI: PCI Root Bridge [PCI0] (domain 0000 [bus 00-ff])
[    0.224007] acpi PNP0A03:00: _OSC: OS supports [ASPM ClockPM Segments MSI]
[    0.225932] acpi PNP0A03:00: _OSC: not requesting OS control; OS requires [ExtendedConfig ASPM ClockPM MSI]
[    0.228011] acpi PNP0A03:00: fail to add MMCONFIG information, can't access extended PCI configuration space under this bridge.
[    0.230689] PCI host bridge to bus 0000:00
[    0.232004] pci_bus 0000:00: root bus resource [io  0x0000-0x0cf7 window]
[    0.233487] pci_bus 0000:00: root bus resource [io  0x0d00-0xffff window]
[    0.234761] pci_bus 0000:00: root bus resource [mem 0x000a0000-0x000bffff window]
[    0.236002] pci_bus 0000:00: root bus resource [mem 0x20000000-0xfdffffff window]
[    0.237444] pci_bus 0000:00: root bus resource [bus 00-ff]
[    0.242306] pci 0000:00:01.1: legacy IDE quirk: reg 0x10: [io  0x01f0-0x01f7]
[    0.243694] pci 0000:00:01.1: legacy IDE quirk: reg 0x14: [io  0x03f6]
[    0.244003] pci 0000:00:01.1: legacy IDE quirk: reg 0x18: [io  0x0170-0x0177]
[    0.245461] pci 0000:00:01.1: legacy IDE quirk: reg 0x1c: [io  0x0376]
[    0.257385] pci 0000:00:07.0: quirk: [io  0x4000-0x403f] claimed by PIIX4 ACPI
[    0.259277] pci 0000:00:07.0: quirk: [io  0x4100-0x410f] claimed by PIIX4 SMB
[    0.266617] ACPI: PCI Interrupt Link [LNKA] (IRQs 5 9 10 *11)
[    0.268331] ACPI: PCI Interrupt Link [LNKB] (IRQs 5 9 *10 11)
[    0.269622] ACPI: PCI Interrupt Link [LNKC] (IRQs 5 *9 10 11)
[    0.270763] ACPI: PCI Interrupt Link [LNKD] (IRQs 5 9 10 *11)
[    0.272253] SCSI subsystem initialized
[    0.273183] pci 0000:00:02.0: vgaarb: setting as boot VGA device
[    0.274434] pci 0000:00:02.0: vgaarb: VGA device added: decodes=io+mem,owns=io+mem,locks=none
[    0.276000] pci 0000:00:02.0: vgaarb: bridge control possible
[    0.276002] vgaarb: loaded
[    0.276710] ACPI: bus type USB registered
[    0.277709] usbcore: registered new interface driver usbfs
[    0.278741] usbcore: registered new interface driver hub
[    0.280012] usbcore: registered new device driver usb
[    0.281264] EDAC MC: Ver: 3.0.0
[    0.282269] PCI: Using ACPI for IRQ routing
[    0.284303] NetLabel: Initializing
[    0.284979] NetLabel:  domain hash size = 128
[    0.285822] NetLabel:  protocols = UNLABELED CIPSOv4 CALIPSO
[    0.286916] NetLabel:  unlabeled traffic allowed by default
[    0.288059] clocksource: Switched to clocksource kvm-clock
[    0.301017] VFS: Disk quotas dquot_6.6.0
[    0.301890] VFS: Dquot-cache hash table entries: 512 (order 0, 4096 bytes)
[    0.303410] AppArmor: AppArmor Filesystem Enabled
[    0.304413] pnp: PnP ACPI init
[    0.306203] pnp: PnP ACPI: found 3 devices
[    0.312410] clocksource: acpi_pm: mask: 0xffffff max_cycles: 0xffffff, max_idle_ns: 2085701024 ns
[    0.314107] NET: Registered protocol family 2
[    0.315062] IP idents hash table entries: 8192 (order: 4, 65536 bytes)
[    0.316430] TCP established hash table entries: 4096 (order: 3, 32768 bytes)
[    0.317832] TCP bind hash table entries: 4096 (order: 4, 65536 bytes)
[    0.319161] TCP: Hash tables configured (established 4096 bind 4096)
[    0.320516] UDP hash table entries: 256 (order: 1, 8192 bytes)
[    0.321682] UDP-Lite hash table entries: 256 (order: 1, 8192 bytes)
[    0.322887] NET: Registered protocol family 1
[    0.323766] pci 0000:00:00.0: Limiting direct PCI/PCI transfers
[    0.325025] pci 0000:00:01.0: Activating ISA DMA hang workarounds
[    0.326308] pci 0000:00:02.0: Video device with shadowed ROM at [mem 0x000c0000-0x000dffff]
[    0.328135] Unpacking initramfs...
[    0.572145] Freeing initrd memory: 19540K
[    0.575865] clocksource: tsc: mask: 0xffffffffffffffff max_cycles: 0x2c94dc1ce7d, max_idle_ns: 440795323863 ns
[    0.577923] platform rtc_cmos: registered platform RTC device (no PNP device found)
[    0.579460] Scanning for low memory corruption every 60 seconds
[    0.581115] Initialise system trusted keyrings
[    0.582052] Key type blacklist registered
[    0.582901] workingset: timestamp_bits=36 max_order=17 bucket_order=0
[    0.585111] zbud: loaded
[    0.585992] squashfs: version 4.0 (2009/01/31) Phillip Lougher
[    0.587364] fuse init (API version 7.26)
[    0.588898] Key type asymmetric registered
[    0.589857] Asymmetric key parser 'x509' registered
[    0.590800] Block layer SCSI generic (bsg) driver version 0.4 loaded (major 246)
[    0.592580] io scheduler noop registered
[    0.593362] io scheduler deadline registered
[    0.594329] io scheduler cfq registered (default)
[    0.595713] ACPI: AC Adapter [AC] (on-line)
[    0.596653] input: Power Button as /devices/LNXSYSTM:00/LNXPWRBN:00/input/input0
[    0.598429] ACPI: Power Button [PWRF]
[    0.599435] input: Sleep Button as /devices/LNXSYSTM:00/LNXSLPBN:00/input/input1
[    0.601200] ACPI: Sleep Button [SLPF]
[    0.602076] Serial: 8250/16550 driver, 32 ports, IRQ sharing enabled
[    0.624240] 00:02: ttyS0 at I/O 0x3f8 (irq = 4, base_baud = 115200) is a 16550A
[    0.626555] Linux agpgart interface v0.103
[    0.628322] loop: module loaded
[    0.629395] scsi host0: ata_piix
[    0.630175] scsi host1: ata_piix
[    0.630855] ata1: PATA max UDMA/33 cmd 0x1f0 ctl 0x3f6 bmdma 0xd000 irq 14
[    0.632335] ata2: PATA max UDMA/33 cmd 0x170 ctl 0x376 bmdma 0xd008 irq 15
[    0.633940] tun: Universal TUN/TAP device driver, 1.6
[    0.635202] PPP generic driver version 2.4.2
[    0.636090] ehci_hcd: USB 2.0 'Enhanced' Host Controller (EHCI) Driver
[    0.637487] ehci-pci: EHCI PCI platform driver
[    0.638511] ehci-platform: EHCI generic platform driver
[    0.639489] ohci_hcd: USB 1.1 'Open' Host Controller (OHCI) Driver
[    0.640724] ohci-pci: OHCI PCI platform driver
[    0.641722] ohci-platform: OHCI generic platform driver
[    0.642954] uhci_hcd: USB Universal Host Controller Interface driver
[    0.644308] i8042: PNP: PS/2 Controller [PNP0303:PS2K,PNP0f03:PS2M] at 0x60,0x64 irq 1,12
[    0.646416] serio: i8042 KBD port at 0x60,0x64 irq 1
[    0.647466] serio: i8042 AUX port at 0x60,0x64 irq 12
[    0.648831] mousedev: PS/2 mouse device common for all mice
[    0.650071] input: AT Translated Set 2 keyboard as /devices/platform/i8042/serio0/input/input2
[    0.652235] rtc_cmos rtc_cmos: rtc core: registered rtc_cmos as rtc0
[    0.653665] rtc_cmos rtc_cmos: alarms up to one day, 114 bytes nvram
[    0.654846] i2c /dev entries driver
[    0.655606] device-mapper: uevent: version 1.0.3
[    0.656611] device-mapper: ioctl: 4.37.0-ioctl (2017-09-20) initialised: dm-devel@redhat.com
[    0.658397] ledtrig-cpu: registered to indicate activity on CPUs
[    0.659869] NET: Registered protocol family 10
[    0.663201] Segment Routing with IPv6
[    0.663905] NET: Registered protocol family 17
[    0.665006] Key type dns_resolver registered
[    0.665878] mce: Using 0 MCE banks
[    0.666595] RAS: Correctable Errors collector initialized.
[    0.667656] sched_clock: Marking stable (664967102, 0)->(826268886, -161301784)
[    0.669171] registered taskstats version 1
[    0.670030] Loading compiled-in X.509 certificates
[    0.672545] Loaded X.509 cert 'Build time autogenerated kernel key: 5b165579d658a5808005e73a2425cc20635793b1'
[    0.675098] Loaded X.509 cert 'Canonical Ltd. Live Patch Signing: 14df34d1a87cf37625abec039ef2bf521249b969'
[    0.677786] Loaded X.509 cert 'Canonical Ltd. Kernel Module Signing: 88f752e560a1e0737e31163a466ad7b70a850c19'
[    0.680595] blacklist: Loading compiled-in revocation X.509 certificates
[    0.681902] Loaded X.509 cert 'Canonical Ltd. Secure Boot Signing: 61482aa2830d0ab2ad5af10b7250da9033ddcef0'
[    0.683772] zswap: loaded using pool lzo/zbud
[    0.686665] Key type big_key registered
[    0.687498] Key type trusted registered
[    0.689524] Key type encrypted registered
[    0.690420] AppArmor: AppArmor sha1 policy hashing enabled
[    0.691475] ima: No TPM chip found, activating TPM-bypass! (rc=-19)
[    0.692620] ima: Allocated hash algorithm: sha1
[    0.693513] evm: HMAC attrs: 0x1
[    0.694435]   Magic number: 7:366:205
[    0.695154] rtc_cmos rtc_cmos: setting system clock to 2023-01-15 01:13:39 UTC (1673745219)
[    0.696797] BIOS EDD facility v0.16 2004-Jun-25, 0 devices found
[    0.698379] EDD information not available.
[    0.817863] Freeing unused kernel image memory: 2468K
[    0.828468] Write protecting the kernel read-only data: 20480k
[    0.830364] Freeing unused kernel image memory: 2008K
[    0.831938] Freeing unused kernel image memory: 1820K
[    0.838041] x86/mm: Checked W+X mappings: passed, no W+X pages found.
[    0.839377] x86/mm: Checking user space page tables
[    0.845302] x86/mm: Checked W+X mappings: passed, no W+X pages found.
Loading, please wait...
starting version 237
[    0.922295] e1000: Intel(R) PRO/1000 Network Driver - version 7.3.21-k8-NAPI
[    0.923952] e1000: Copyright (c) 1999-2006 Intel Corporation.
[    0.928483] Fusion MPT base driver 3.04.20
[    0.929614] Copyright (c) 1999-2008 LSI Corporation
[    0.938280] Fusion MPT SPI Host driver 3.04.20
[    0.964097] AVX2 version of gcm_enc/dec engaged.
[    0.965157] AES CTR mode by8 optimization enabled
[    0.966147] mptbase: ioc0: Initiating bringup
[    1.061470] ioc0: LSI53C1030 A0: Capabilities={Initiator}
[    1.137781] input: ImExPS/2 Generic Explorer Mouse as /devices/platform/i8042/serio1/input/input4
[    1.302063] scsi host2: ioc0: LSI53C1030 A0, FwRev=00000000h, Ports=1, MaxQ=256, IRQ=20
[    1.469218] scsi 2:0:0:0: Direct-Access     VBOX     HARDDISK         1.0  PQ: 0 ANSI: 5
[    1.471095] scsi target2:0:0: Beginning Domain Validation
[    1.475041] scsi target2:0:0: Domain Validation skipping write tests
[    1.476685] scsi target2:0:0: Ending Domain Validation
[    1.477754] scsi target2:0:0: asynchronous
[    1.478725] random: fast init done
[    1.480090] scsi 2:0:1:0: Direct-Access     VBOX     HARDDISK         1.0  PQ: 0 ANSI: 5
[    1.481660] scsi target2:0:1: Beginning Domain Validation
[    1.483333] scsi target2:0:1: Domain Validation skipping write tests
[    1.484553] scsi target2:0:1: Ending Domain Validation
[    1.485564] scsi target2:0:1: asynchronous
[    1.489818] random: systemd-udevd: uninitialized urandom read (16 bytes read)
[    1.491492] random: systemd-udevd: uninitialized urandom read (16 bytes read)
[    1.493025] random: systemd-udevd: uninitialized urandom read (16 bytes read)
[    1.494519] sd 2:0:0:0: [sda] 83886080 512-byte logical blocks: (42.9 GB/40.0 GiB)
[    1.496011] sd 2:0:0:0: [sda] Write Protect is off
[    1.497606] sd 2:0:0:0: Attached scsi generic sg0 type 0
[    1.498880] sd 2:0:0:0: [sda] Incomplete mode parameter data
[    1.499965] sd 2:0:0:0: [sda] Assuming drive cache: write through
[    1.501884] sd 2:0:1:0: [sdb] 20480 512-byte logical blocks: (10.5 MB/10.0 MiB)
[    1.503365] sd 2:0:1:0: [sdb] Write Protect is off
[    1.504697] sd 2:0:1:0: [sdb] Incomplete mode parameter data
[    1.505774] sd 2:0:1:0: [sdb] Assuming drive cache: write through
[    1.507061] sd 2:0:1:0: Attached scsi generic sg1 type 0
[    1.518684]  sda: sda1
[    1.525511] sd 2:0:0:0: [sda] Attached SCSI disk
[    1.530789] sd 2:0:1:0: [sdb] Attached SCSI disk
[    1.893727] e1000 0000:00:03.0 eth0: (PCI:33MHz:32-bit) 02:36:1c:f2:a8:92
[    1.895763] e1000 0000:00:03.0 eth0: Intel(R) PRO/1000 Network Connection
[    2.301239] e1000 0000:00:08.0 eth1: (PCI:33MHz:32-bit) 08:00:27:e0:8f:d5
[    2.302853] e1000 0000:00:08.0 eth1: Intel(R) PRO/1000 Network Connection
[    2.305664] e1000 0000:00:08.0 enp0s8: renamed from eth1
[    2.308346] e1000 0000:00:03.0 enp0s3: renamed from eth0
Begin: Loading essential drivers ... [    3.788082] raid6: sse2x1   gen() 10079 MB/s
[    3.836089] raid6: sse2x1   xor()  6938 MB/s
[    3.884061] raid6: sse2x2   gen() 11626 MB/s
[    3.932070] raid6: sse2x2   xor()  6991 MB/s
[    3.980064] raid6: sse2x4   gen() 14314 MB/s
[    4.028082] raid6: sse2x4   xor()  7037 MB/s
[    4.076069] raid6: avx2x1   gen() 18586 MB/s
[    4.124074] raid6: avx2x1   xor() 13319 MB/s
[    4.172066] raid6: avx2x2   gen() 21486 MB/s
[    4.220126] raid6: avx2x2   xor() 13374 MB/s
[    4.268058] raid6: avx2x4   gen() 23310 MB/s
[    4.316072] raid6: avx2x4   xor() 15778 MB/s
[    4.317076] raid6: using algorithm avx2x4 gen() 23310 MB/s
[    4.318464] raid6: .... xor() 15778 MB/s, rmw enabled
[    4.319655] raid6: using avx2x2 recovery algorithm
[    4.322388] xor: automatically using best checksumming function   avx       
[    4.325393] async_tx: api initialized (async)
done.
Begin: Running /scripts/init-premount ... done.
Begin: Mounting root file system ... Begin: Running /scripts/local-top ... done.
Begin: Running /scripts/local-premount ... [    4.385732] Btrfs loaded, crc32c=crc32c-intel
Scanning for Btrfs filesystems
done.
Warning: fsck not present, so skipping root file system
[    4.418987] EXT4-fs (sda1): mounted filesystem with ordered data mode. Opts: (null)
done.
Begin: Running /scripts/local-bottom ... done.
Begin: Running /scripts/init-bottom ... done.
[    4.613726] ip_tables: (C) 2000-2006 Netfilter Core Team
[    4.629987] systemd[1]: systemd 237 running in system mode. (+PAM +AUDIT +SELINUX +IMA +APPARMOR +SMACK +SYSVINIT +UTMP +LIBCRYPTSETUP +GCRYPT +GNUTLS +ACL +XZ +LZ4 +SECCOMP +BLKID +ELFUTILS +KMOD -IDN2 +IDN -PCRE2 default-hierarchy=hybrid)
[    4.638804] systemd[1]: Detected virtualization oracle.
[    4.640191] systemd[1]: Detected architecture x86-64.

Welcome to [1mUbuntu 18.04.6 LTS[0m!

[    4.647011] systemd[1]: Set hostname to <ubuntu>.
[    4.653225] systemd[1]: Initializing machine ID from random generator.
[    4.655484] systemd[1]: Installed transient /etc/machine-id file.
[    4.939544] systemd[1]: Created slice System Slice.
[[0;32m  OK  [0m] Created slice System Slice.
[    4.941811] systemd[1]: Listening on Device-mapper event daemon FIFOs.
[[0;32m  OK  [0m] Listening on Device-mapper event daemon FIFOs.
[    4.944409] systemd[1]: Reached target User and Group Name Lookups.
[[0;32m  OK  [0m] Reached target User and Group Name Lookups.
[    4.946909] systemd[1]: Reached target Swap.
[[0;32m  OK  [0m] Reached target Swap.
[[0;32m  OK  [0m] Listening on Journal Audit Socket.
[[0;32m  OK  [0m] Reached target System Time Synchronized.
[[0;32m  OK  [0m] Listening on fsck to fsckd communication Socket.
[[0;32m  OK  [0m] Listening on LVM2 metadata daemon socket.
[[0;32m  OK  [0m] Listening on Journal Socket.
         Mounting POSIX Message Queue File System...
         Mounting Huge Pages File System...
         Starting File System Check on Root Device...
         Starting Uncomplicated firewall...
         Starting Load Kernel Modules...
         Starting Create list of required stâ€¦ce nodes for the current kernel...
         Starting Set the console keyboard layout...
[[0;32m  OK  [0m] Listening on /dev/initctl Compatibility Named Pipe.
[[0;32m  OK  [0m] Created slice User and Session Slice.
[[0;32m  OK  [0m] Reached target Slices.
         Starting Monitoring of LVM2 mirrorsâ€¦ng dmeventd or progress polling...
[[0;32m  OK  [0m] Created slice system-serial\x2dgetty.slice.
[[0;32m  OK  [0m] Listening on udev Kernel Socket.
[[0;32m  OK  [0m] Listening on Network Service Netlink Socket.
         Mounting Kernel Debug File System...
[    5.033316] Loading iSCSI transport class v2.0-870.
[[0;32m  OK  [0m] Set up automount Arbitrary Executabâ€¦rmats File System Automount Point.
[[0;32m  OK  [0m] Listening on LVM2 poll daemon socket.
[    5.087775] iscsi: registered transport (tcp)
[[0;32m  OK  [0m] Listening on Journal Socket (/dev/log).
[[0;32m  OK  [0m] Listening on udev Control Socket.
[[0;32m  OK  [0m] Listening on Syslog Socket.
         Starting Journal Service...
         Starting udev Coldplug all Devices...
[[0;32m  OK  [0m] Started Forward Password Requests to Wall Directory Watch.
[[    5.116703] iscsi: registered transport (iser)
[0;32m  OK  [0m] Mounted POSIX Message Queue File System.
[[0;32m  OK  [0m] Mounted Huge Pages File System.
[[0;32m  OK  [0m] Started File System Check on Root Device.
[[0;32m  OK  [0m] Started Uncomplicated firewall.
[[0;32m  OK  [0m] Started Load Kernel Modules.
[[0;32m  OK  [0m] Started Create list of required staâ€¦vice nodes for the current kernel.
[[0;32m  OK  [0m] Mounted Kernel Debug File System.
[[0;32m  OK  [0m] Started File System Check Daemon to report status.
[[0;32m  OK  [0m] Started LVM2 metadata daemon.
         Starting Create Static Device Nodes in /dev...
         Mounting Kernel Configuration File System...
         Starting Apply Kernel Variables...
         Mounting FUSE Control File System...
         Starting Remount Root and Kernel File Systems...
[[0;32m  OK  [0m] Mounted Kernel Configuration File System.
[[0;32m  OK  [0m] Mounted FUSE Control File System.
[[0;32m  OK  [0m] Started Create Static Device Nodes in /dev.
[[0;32m  OK  [0m] Started Monitoring of LVM2 mirrors,â€¦sing dmeventd or progress polling.
[[0;32m  OK  [0m] Started Journal Service.
[[0;32m  OK  [0m] Started Apply Kernel Variables.
[[0;32m  OK  [0m] Started Remount Root and Kernel File Systems.
         Starting udev Kernel Device Manager...
         Starting Load/Save Random Seed...
         Starting Flush Journal to Persistent Storage...
[[0;32m  OK  [0m] Started udev Kernel Device Manager.
[[0;32m  OK  [0m] Started Load/Save Random Seed.
[[0;32m  OK  [0m] Started udev Coldplug all Devices.
[[0;32m  OK  [0m] Started Flush Journal to Persistent Storage.
[[0;32m  OK  [0m] Started Set the console keyboard layout.
[[0;32m  OK  [0m] Started Dispatch Password Requests to Console Directory Watch.
[[0;32m  OK  [0m] Reached target Local Encrypted Volumes.
[[0;32m  OK  [0m] Reached target Local File Systems (Pre).
[[0;32m  OK  [0m] Reached target Local File Systems.
         Starting AppArmor initialization...
         Starting Tell Plymouth To Write Out Runtime Data...
         Starting Create Volatile Files and Directories...
         Starting Commit a transient machine-id on disk...
         Starting ebtables ruleset management...
         Starting Set console font and keymap...
[[0;32m  OK  [0m] Started Tell Plymouth To Write Out Runtime Data.
[[0;32m  OK  [0m] Started Commit a transient machine-id on disk.
[[0;32m  OK  [0m] Started Set console font and keymap.
[[0;32m  OK  [0m] Started Create Volatile Files and Directories.
         Starting Update UTMP about System Boot/Shutdown...
[[0;32m  OK  [0m] Started Update UTMP about System Boot/Shutdown.
[[0;32m  OK  [0m] Started ebtables ruleset management.
[[0;32m  OK  [0m] Found device /dev/ttyS0.
[[0;32m  OK  [0m] Listening on Load/Save RF Kill Switch Status /dev/rfkill Watch.
[[0;32m  OK  [0m] Started AppArmor initialization.
         Starting Load AppArmor profiles managed internally by snapd...
         Starting Initial cloud-init job (pre-networking)...
[[0;32m  OK  [0m] Started Load AppArmor profiles managed internally by snapd.
[    8.325324] cloud-init[572]: Cloud-init v. 22.1-14-g2e17a0d6-0ubuntu1~18.04.3 running 'init-local' at Sun, 15 Jan 2023 01:13:46 +0000. Up 7.98 seconds.
[[0;32m  OK  [0m] Started Initial cloud-init job (pre-networking).
[[0;32m  OK  [0m] Reached target Network (Pre).
         Starting Network Service...
[[0;32m  OK  [0m] Started Network Service.
         Starting Wait for Network to be Configured...
         Starting Network Name Resolution...
[[0;32m  OK  [0m] Started Network Name Resolution.
[[0;32m  OK  [0m] Reached target Host and Network Name Lookups.
[[0;32m  OK  [0m] Reached target Network.
[[0;32m  OK  [0m] Started Wait for Network to be Configured.
         Starting Initial cloud-init job (metadata service crawler)...
[   10.136221] cloud-init[630]: Cloud-init v. 22.1-14-g2e17a0d6-0ubuntu1~18.04.3 running 'init' at Sun, 15 Jan 2023 01:13:48 +0000. Up 9.93 seconds.
[   10.148166] cloud-init[630]: ci-info: ++++++++++++++++++++++++++++++++++++++Net device info+++++++++++++++++++++++++++++++++++++++
[   10.160251] cloud-init[630]: ci-info: +--------+-------+----------------------------+---------------+--------+-------------------+
[   10.172222] cloud-init[630]: ci-info: | Device |   Up  |          Address           |      Mask     | Scope  |     Hw-Address    |
[   10.184244] cloud-init[630]: ci-info: +--------+-------+----------------------------+---------------+--------+-------------------+
[   10.185466] cloud-init[630]: ci-info: | enp0s3 |  True |         10.0.2.15          | 255.255.255.0 | global | 02:36:1c:f2:a8:92 |
[   10.186969] cloud-init[630]: ci-info: | enp0s3 |  True | fe80::36:1cff:fef2:a892/64 |       .       |  link  | 02:36:1c:f2:a8:92 |
[   10.188787] cloud-init[630]: ci-info: | enp0s8 | False |             .              |       .       |   .    | 08:00:27:e0:8f:d5 |
[   10.191150] cloud-init[630]: ci-info: |   lo   |  True |         127.0.0.1          |   255.0.0.0   |  host  |         .         |
[   10.193501] cloud-init[630]: ci-info: |   lo   |  True |          ::1/128           |       .       |  host  |         .         |
[   10.195678] cloud-init[630]: ci-info: +--------+-------+----------------------------+---------------+--------+-------------------+
[   10.198107] cloud-init[630]: ci-info: ++++++++++++++++++++++++++++Route IPv4 info+++++++++++++++++++++++++++++
[   10.200126] cloud-init[630]: ci-info: +-------+-------------+----------+-----------------+-----------+-------+
[   10.207262] cloud-init[630]: ci-info: | Route | Destination | Gateway  |     Genmask     | Interface | Flags |
[   10.209235] cloud-init[630]: ci-info: +-------+-------------+----------+-----------------+-----------+-------+
[   10.220417] cloud-init[630]: ci-info: |   0   |   0.0.0.0   | 10.0.2.2 |     0.0.0.0     |   enp0s3  |   UG  |
[   10.232294] cloud-init[630]: ci-info: |   1   |   10.0.2.0  | 0.0.0.0  |  255.255.255.0  |   enp0s3  |   U   |
[   10.246363] cloud-init[630]: ci-info: |   2   |   10.0.2.2  | 0.0.0.0  | 255.255.255.255 |   enp0s3  |   UH  |
[   10.260532] cloud-init[630]: ci-info: +-------+-------------+----------+-----------------+-----------+-------+
[   10.262684] cloud-init[630]: ci-info: +++++++++++++++++++Route IPv6 info+++++++++++++++++++
[   10.276684] cloud-init[630]: ci-info: +-------+-------------+---------+-----------+-------+
[   10.284432] cloud-init[630]: ci-info: | Route | Destination | Gateway | Interface | Flags |
[   10.288799] cloud-init[630]: ci-info: +-------+-------------+---------+-----------+-------+
[   10.295600] cloud-init[630]: ci-info: |   1   |  fe80::/64  |    ::   |   enp0s3  |   U   |
[   10.302784] cloud-init[630]: ci-info: |   3   |    local    |    ::   |   enp0s3  |   U   |
[   10.305318] cloud-init[630]: ci-info: |   4   |   ff00::/8  |    ::   |   enp0s3  |   U   |
[   10.309183] cloud-init[630]: ci-info: +-------+-------------+---------+-----------+-------+
[   10.732216] cloud-init[630]: Generating public/private rsa key pair.
[   10.744307] cloud-init[630]: Your identification has been saved in /etc/ssh/ssh_host_rsa_key.
[   10.745207] cloud-init[630]: Your public key has been saved in /etc/ssh/ssh_host_rsa_key.pub.
[   10.756401] cloud-init[630]: The key fingerprint is:
[   10.768371] cloud-init[630]: SHA256:gVQWFscrnI67oJpPToVl5x04neF/SazB2DvWZSYBnAs root@ubuntu-bionic
[   10.770043] cloud-init[630]: The key's randomart image is:
[   10.780316] cloud-init[630]: +---[RSA 2048]----+
[   10.792260] cloud-init[630]: |      ..B=oo.    |
[[0;32m  OK  [0m] Started Initial cloud-init job (metadata service crawler).
[[0;32m  OK  [0m] Reached target Cloud-config availability.
[[0;32m  OK  [0m] Reached target Network is Online.
[   10.807667] cloud-init[630]: |     . BEB+. .   |
         Starting Availability of block devices...
[[0;32m  OK  [0m] Reached target Remote File Systems (Pre).
[[0;32m  OK  [0m] Reached target Remote File Systems.
[[0;32m  OK  [0m] Reached target System Initialization.
[[0;32m  OK  [0m] Started Message of the Day.
[[0;32m  OK  [0m] Started Ubuntu Advantage Timer for running repeated jobs.
[[0;32m  OK  [0m] Listening on Open-iSCSI iscsid Socket.
[   10.825916] cloud-init         Starting LXD - unix socket.
[[0;32m  OK  [0m] Started ACPI Events Check.
[[0;32m  OK  [0m] Listening on D-Bus System Message Bus Socket.
[630]: |    o =.Bo+o+ +  |
[   10.854656] cloud-init[630]: |   + o o++o* *   |
[[0;32m  OK  [0m] Started Trigger to poll for Ubuntu â€¦(Only enabled on GCP LTS non-pro).
[[0;32m  OK  [0m] Reached target Paths.
[[0;32m  OK  [0m] Started Discard unused blocks once a week.
[   10.860160] cloud-init[630]: |  . . .oS.* +    |
[[0;32m  OK  [0m] Listening on cloud-init hotplug hook socket.
[   10.861852] cloud-init[630]: |   .  . .. o     |
[[0;32m  OK  [0m] Listening on ACPID Listen Socket.
[[0;32m  OK  [0m] Started Daily apt download activities.
[[0;32m  OK  [0m] Started Daily apt upgrade and clean activities.
[[0;32m  OK  [0m] Started Daily Cleanup of Temporary Directories.
[[0;32m  OK  [0m] Reached target Timers.
         Starting Socket activation for snappy daemon.
[[0;32m  OK  [0m] Listening on UUID daemon activation socket.
[   10.864770] cloud-init[630]: |  o .  .         |
[   10.881976] cloud-init[630]: | = . ..          |
[[0;32m  OK  [0m] Started Availability of block devices.
[[0;32m  OK  [0m] Listening on LXD - unix socket.
[[0;32m  OK  [0m] Listening on Socket activation for snappy daemon.
[[0;32m  OK  [0m] Reached target Sockets.[   10.883160] cloud-init[630]: |oo+   ..         |
[   10.888870] cloud-init[630]: +----[SHA256]-----+
[   10.889418] cloud-init[630]: Generating public/private dsa key pair.
[   10.890347] cloud-init[630]: Your identification has been saved in /etc/ssh/ssh_host_dsa_key.
[   10.891490] cloud-init[630]: Your public key has been saved in /etc/ssh/ssh_host_dsa_key.pub.
[[0;32m  OK  [0m] Reached target Basic System.
[[0;32m  OK  [0m] Started irqbalance daemon.
[[0;32m  OK  [0m] Started D-Bus System Message Bus.

[   10.899817] cloud-init[630]: The key fingerprint is:
[   10.903380] cloud-init[630]: SHA256:2vRYp8rAkELl2Lfkzjwipay2+7NrY25Cq+Z7C/YK9DY root@ubuntu-bionic
[   10.908919] cloud-init[630]: The key's randomart image is:
[   10.910467] cloud-init[630]: +---[DSA 1024]----+
[   10.916297] cloud-init[630]: |    .            |
[   10.919520] cloud-init[630]: |   =             |
[   10.922548] cloud-init[630]: |  o o o          |
[   10.925043] cloud-init[630]: | .   = .         |
[   10.927899]          Starting System Logging Service...
         Starting Permit User Sessions...
cloud-init[630]: | .. + o S . .    |
         [   10.942361] cloud-initStarting LSB: Record successful boot for GRUB...
[630]: |.o.+ * + + o     |
[   10.947792] cloud-init[630]: |oo=E. O o o      |
[   10.950196] cloud-init[630]: |o*+O.. + .       |
[   10.954482] cloud-init[630]: |B*&B*   o        |
[   10.968616] cloud-init[630]: +----[SHA256]-----+
         Starting Pollinate to seed the pseudo random number generator...
[   10.985961] cloud-init[630]: Generating public/private ecdsa key pair.
         Starting Login Service...
         Starting Virtualbox guest utils...
         Starting LSB: automatic crash report generation...
[   10.999699] cloud-init[630]: Your identification has been saved in /etc/ssh/ssh_host_ecdsa_key.
[   11.036206] cloud-init[630]: Your public key has been saved in /etc/ssh/ssh_host_ecdsa_key.pub.
[   11.048580] cloud-init[630]: The key fingerprint is:
[[0;32m  OK  [0m] Started Regular background program processing daemon.
[   11.064862] cloud-init[630]: SHA256:qErRICo3Atk7T1UMkT93FGdp0CRqOS3Wrgt+AvMQf2g root@ubuntu-bionic
[   11.066092] cloud-init[630]: The key's randomart image is:         Starting Snap Daemon...

[   11.070825] cloud-init[630]: +---[ECDSA 256]---+
         Starting Dispatcher daemon for systemd-networkd...
[   11.076291] cloud-init[630]: |      o=.   +=+. |
[[0;32m  OK  [0m[   11.082930] cloud-init[630]: | o    ...  =.++  |] Started FUSE filesystem for LXC.
         Starting Accounts Service...
[[0;32m  OK  [0m] Started Deferred execution scheduler.

[   11.093128] cloud-init[630]: |+ o   ..  B.o.   |
         Starting LXD - container startup/shutdown...[   11.109015] cloud-init[630]: |o. + ...oo.+.    |
[   11.110341] cloud-init[630]: |+ * o .oS+ ..    |
[   11.111439] cloud-init
[[0;32m  OK  [0m] Started System Logging Service.
[[0;32m  OK  [0m] Started Permit User Sessions.
[630]: |.o * .+ E ..     |
[   11.127360] cloud-init[630]: |  . o  *...      |[[0;32m  OK  [0m] Started Login Service.
[[0;32m  OK  [0m] Started Unattended Upgrades Shutdown.
         Starting Terminate Plymouth Boot Screen...
         Starting Hold until boot process finishes up...
[[0;32m  OK  [0m] Started Hold until boot process finishes up.
[[0;32m  OK  [0m] Started Serial Getty on ttyS0.
         Starting Set console scheme...
[[0;32m  OK  [0m] Started Terminate Plymouth Boot Screen.

[   11.189859] cloud-init[630]: | . .   .o...     |
[   11.195039] cloud-init[630]: |  .     .o.      |
[   11.204141] cloud-init[630]: +----[SHA256]-----+
[   11.210215] cloud-init[630]: Generating public/private ed25519 key pair.
[   11.213660] cloud-init[630]: Your identification has been saved in /etc/ssh/ssh_host_ed25519_key.
[   11.217870] cloud-init[630]: Your public key has been saved in /etc/ssh/ssh_host_ed25519_key.pub.
[   11.222157] cloud-init[630]: The key fingerprint is:
[   11.228585] cloud-init[630]: SHA256:nRjHgG2TZONsDOpbS857La7HMash4MFBVB6Ip/7mGnE root@ubuntu-bionic
[   11.245806] cloud-init[630]: The key's randomart image is:
[   11.251416] cloud-init[630]: +--[ED25519 256]--+
[   11.259843] cloud-init[630]: | oooo .+=.       |
[   11.271558] cloud-init[630]: |..o. o.*=+       |
[   11.285640] cloud-init[630]: | o. o  .*.o      |
[   11.290720] cloud-init[630]: |.. o   . = .     |
[   11.296311] cloud-init[630]: |..+E. o S o      |
[   11.309313] cloud-init[630]: | ooo * .o        |
[   11.312186] cloud-init[630]: | .o o =. =       |
[   11.317843] [[0;32m  OK  [0m] Started Set console scheme.
[[0;32m  OK  [0m] Created slice system-getty.slice.
cloud-init[630]: |  .o . o* .      |
[[0;32m  OK  [0m] Started Getty on tty1.
[[0;32m  OK  [0m] Reached target Login Prompts.
[   11.330201] cloud-init[630]: | .+.  +*..       |
[   11.330885] cloud-init[630]: +----[SHA256]-----+
[[0;32m  OK  [0m] Started LSB: automatic crash report generation.
[[0;32m  OK  [0m] Started LSB: Record successful boot for GRUB.
[[0;32m  OK  [0m] Started LXD - container startup/shutdown.
         Starting Authorization Manager...
[[0;32m  OK  [0m] Started Authorization Manager.
[[0;32m  OK  [0m] Started Accounts Service.
[[0;32m  OK  [0m] Started Virtualbox guest utils.
[[0;32m  OK  [0m] Started Dispatcher daemon for systemd-networkd.
[[0;32m  OK  [0m] Started Snap Daemon.
         Starting Wait until snapd is fully seeded...
         Starting Time & Date Service...
[[0;32m  OK  [0m] Started Time & Date Service.
[[0;32m  OK  [0m] Started Pollinate to seed the pseudo random number generator.
         Starting OpenBSD Secure Shell server...
[[0;32m  OK  [0m] Started OpenBSD Secure Shell server.
[[0;32m  OK  [0m] Created slice User Slice of vagrant.
         Starting User Manager for UID 1000...
[[0;32m  OK  [0m] Started Session 1 of user vagrant.
[[0;32m  OK  [0m] Started User Manager for UID 1000.
         Stopping User Manager for UID 1000...
[[0;32m  OK  [0m] Stopped User Manager for UID 1000.

Ubuntu 18.04.6 LTS ubuntu-bionic ttyS0

ubuntu-bionic login: [   25.187002] cloud-init[2017]: Cloud-init v. 22.1-14-g2e17a0d6-0ubuntu1~18.04.3 running 'modules:config' at Sun, 15 Jan 2023 01:14:03 +0000. Up 24.66 seconds.
ci-info: no authorized SSH keys fingerprints found for user ubuntu.
<14>Jan 15 01:14:04 cloud-init: #############################################################
<14>Jan 15 01:14:04 cloud-init: -----BEGIN SSH HOST KEY FINGERPRINTS-----
<14>Jan 15 01:14:04 cloud-init: 1024 SHA256:2vRYp8rAkELl2Lfkzjwipay2+7NrY25Cq+Z7C/YK9DY root@ubuntu-bionic (DSA)
<14>Jan 15 01:14:04 cloud-init: 256 SHA256:qErRICo3Atk7T1UMkT93FGdp0CRqOS3Wrgt+AvMQf2g root@ubuntu-bionic (ECDSA)
<14>Jan 15 01:14:04 cloud-init: 256 SHA256:nRjHgG2TZONsDOpbS857La7HMash4MFBVB6Ip/7mGnE root@ubuntu-bionic (ED25519)
<14>Jan 15 01:14:04 cloud-init: 2048 SHA256:gVQWFscrnI67oJpPToVl5x04neF/SazB2DvWZSYBnAs root@ubuntu-bionic (RSA)
<14>Jan 15 01:14:04 cloud-init: -----END SSH HOST KEY FINGERPRINTS-----
<14>Jan 15 01:14:04 cloud-init: #############################################################
-----BEGIN SSH HOST KEY KEYS-----
ecdsa-sha2-nistp256 AAAAE2VjZHNhLXNoYTItbmlzdHAyNTYAAAAIbmlzdHAyNTYAAABBBL6SXBg7xl81Oi0ZhMtWskn/ZHLLRXwR94glCWZVJM87egghsuDms1lmlbHfNveckzzqtYU1DnY5CMUUHim36w0= root@ubuntu-bionic
ssh-ed25519 AAAAC3NzaC1lZDI1NTE5AAAAIM25YzScz+wN+K2QpRuMkAD624LbBIC3rH18q6PAXSh4 root@ubuntu-bionic
ssh-rsa AAAAB3NzaC1yc2EAAAADAQABAAABAQCu56Uyt13oVkADw3AYoTRF5voq7hR+BE2gk693+3RQ+aJdGet+lHp6+SbBnkfGIOMO0WVEgmhfVajp4mQ3GzZ62Q4OD0112CZYnbVuVeuVZn8w4w7xZCUflNHO809mNLhOUJThqstwU1ZjIUdflbOIMv+ILN4TryopnRaObAOW7AySwkUl8epA1H4qNbMyU5QbWZYX5nxmhBSFxvBU7CdZt1YdvVh8mNoPi17nr9Hk3B5jLHGqEcmDkG94tiIiqES+iw+gV/l6XMXnRCgkTYbP6YOc5nN0C3xE9V6z/qooq3bNIjDuoEzUCpoq2apUqh6FfF4546CyTU1S1N7k6FMJ root@ubuntu-bionic
-----END SSH HOST KEY KEYS-----
[   25.816907] cloud-init[2056]: Cloud-init v. 22.1-14-g2e17a0d6-0ubuntu1~18.04.3 running 'modules:final' at Sun, 15 Jan 2023 01:14:04 +0000. Up 25.64 seconds.
[   25.818466] cloud-init[2056]: Cloud-init v. 22.1-14-g2e17a0d6-0ubuntu1~18.04.3 finished at Sun, 15 Jan 2023 01:14:04 +0000. Datasource DataSourceNoCloud [seed=/dev/sdb][dsmode=net].  Up 25.80 seconds
